分类: 📺央视频道, 名称: CCTV-1, 有效: 6, IPv4: 56, IPv6: 0, 最小延迟: 120 ms, 最高速率: 14.80 M/s, 平均速率: 7.27 M/s, 最高分辨率: 1920x1080, 平均帧率: 25.00, 视频编解码器: h264, 音频编解码器: aac
分类: 📺央视频道, 名称: CCTV-2, 有效: 5, IPv4: 54, IPv6: 0, 最小延迟: 228 ms, 最高速率: 16.55 M/s, 平均速率: 11.99 M/s, 最高分辨率: 1920x1080, 平均帧率: 30.56, 视频编解码器: h264, 音频编解码器: aac
分类: 📺央视频道, 名称: CCTV-3, 有效: 5, IPv4: 49, IPv6: 0, 最小延迟: 170 ms, 最高速率: 17.04 M/s, 平均速率: 7.07 M/s, 最高分辨率: 1920x1080, 平均帧率: 25.00, 视频编解码器: h264, 音频编解码器: aac
分类: 📺央视频道, 名称: CCTV-5, 有效: 5, IPv4: 52, IPv6: 0, 最小延迟: 155 ms, 最高速率: 15.03 M/s, 平均速率: 6.71 M/s, 最高分辨率: 1920x1080, 平均帧率: 25.00, 视频编解码器: h264, 音频编解码器: aac
分类: 📺央视频道, 名称: CCTV-4, 有效: 5, IPv4: 44, IPv6: 0, 最小延迟: 133 ms, 最高速率: 14.81 M/s, 平均速率: 7.48 M/s, 最高分辨率: 1920x1080, 平均帧率: 25.00, 视频编解码器: h264, 音频编解码器: aac
分类: 📺央视频道, 名称: CCTV-5+, 有效: 5, IPv4: 31, IPv6: 0, 最小延迟: 155 ms, 最高速率: 15.13 M/s, 平均速率: 6.54 M/s, 最高分辨率: 1920x1080, 平均帧率: 29.17, 视频编解码器: h264, 音频编解码器: aac
分类: 📺央视频道, 名称: CCTV-6, 有效: 5, IPv4: 49, IPv6: 0, 最小延迟: 167 ms, 最高速率: 16.39 M/s, 平均速率: 7.96 M/s, 最高分辨率: 1920x1080, 平均帧率: 34.38, 视频编解码器: h264, 音频编解码器: aac
分类: 📺央视频道, 名称: CCTV-7, 有效: 5, IPv4: 57, IPv6: 0, 最小延迟: 53 ms, 最高速率: 21.40 M/s, 平均速率: 16.04 M/s, 最高分辨率: 1920x1080, 平均帧率: 30.00, 视频编解码器: h264, 音频编解码器: aac
分类: 📺央视频道, 名称: CCTV-8, 有效: 4, IPv4: 44, IPv6: 0, 最小延迟: 117 ms, 最高速率: 5.61 M/s, 平均速率: 4.80 M/s, 最高分辨率: 1920x1080, 平均帧率: 27.78, 视频编解码器: h264, 音频编解码器: aac
分类: 📺央视频道, 名称: CCTV-9, 有效: 4, IPv4: 49, IPv6: 0, 最小延迟: 133 ms, 最高速率: 18.61 M/s, 平均速率: 9.32 M/s, 最高分辨率: 1920x1080, 平均帧率: 28.12, 视频编解码器: h264, 音频编解码器: aac
分类: 📺央视频道, 名称: CCTV-11, 有效: 5, IPv4: 49, IPv6: 0, 最小延迟: 36 ms, 最高速率: 32.64 M/s, 平均速率: 21.19 M/s, 最高分辨率: 1920x1080, 平均帧率: 28.33, 视频编解码器: h264, 音频编解码器: aac
分类: 📺央视频道, 名称: CCTV-10, 有效: 4, IPv4: 46, IPv6: 0, 最小延迟: 150 ms, 最高速率: 13.34 M/s, 平均速率: 8.51 M/s, 最高分辨率: 1920x1080, 平均帧率: 30.00, 视频编解码器: h264, 音频编解码器: aac
分类: 📺央视频道, 名称: CCTV-12, 有效: 5, IPv4: 43, IPv6: 0, 最小延迟: 157 ms, 最高速率: 11.17 M/s, 平均速率: 6.89 M/s, 最高分辨率: 1920x1080, 平均帧率: 30.00, 视频编解码器: h264, 音频编解码器: aac
分类: 📺央视频道, 名称: CCTV-13, 有效: 5, IPv4: 49, IPv6: 0, 最小延迟: 209 ms, 最高速率: 18.88 M/s, 平均速率: 11.94 M/s, 最高分辨率: 1920x1080, 平均帧率: 28.12, 视频编解码器: h264, 音频编解码器: aac
分类: 📺央视频道, 名称: CCTV-14, 有效: 5, IPv4: 42, IPv6: 0, 最小延迟: 177 ms, 最高速率: 15.82 M/s, 平均速率: 5.87 M/s, 最高分辨率: 1920x1080, 平均帧率: 30.00, 视频编解码器: h264, 音频编解码器: aac
分类: 📺央视频道, 名称: CCTV-15, 有效: 5, IPv4: 50, IPv6: 0, 最小延迟: 201 ms, 最高速率: 9.47 M/s, 平均速率: 4.47 M/s, 最高分辨率: 1920x1080, 平均帧率: 25.00, 视频编解码器: h264, 音频编解码器: aac
分类: 📺央视频道, 名称: CCTV-16, 有效: 5, IPv4: 21, IPv6: 0, 最小延迟: 158 ms, 最高速率: 13.86 M/s, 平均速率: 7.99 M/s, 最高分辨率: 1920x1080, 平均帧率: 25.00, 视频编解码器: h264, 音频编解码器: aac
分类: 📺央视频道, 名称: CCTV-17, 有效: 5, IPv4: 31, IPv6: 0, 最小延迟: 204 ms, 最高速率: 15.97 M/s, 平均速率: 8.36 M/s, 最高分辨率: 1920x1080, 平均帧率: 25.00, 视频编解码器: h264, 音频编解码器: aac
分类: 📺央视频道, 名称: CETV-2, 有效: 0, IPv4: 17, IPv6: 0, 最小延迟: 84 ms, 最高速率: 12.12 M/s, 平均速率: 0.00 M/s, 最高分辨率: None, 平均帧率: 未知, 视频编解码器: 未知, 音频编解码器: 未知
分类: 📺央视频道, 名称: CETV-3, 有效: 0, IPv4: 5, IPv6: 0, 最小延迟: 1259 ms, 最高速率: 1.98 M/s, 平均速率: 0.00 M/s, 最高分辨率: 720x576, 平均帧率: 25.00, 视频编解码器: h264, 音频编解码器: aac
分类: 📺央视频道, 名称: CETV-4, 有效: 0, IPv4: 25, IPv6: 0, 最小延迟: -1 ms, 最高速率: 0.00 M/s, 平均速率: 0.00 M/s, 最高分辨率: None, 平均帧率: 未知, 视频编解码器: 未知, 音频编解码器: 未知
分类: 📺央视频道, 名称: CETV-1, 有效: 1, IPv4: 34, IPv6: 0, 最小延迟: 85 ms, 最高速率: 13.24 M/s, 平均速率: 8.63 M/s, 最高分辨率: 1920x1080, 平均帧率: 25.00, 视频编解码器: h264, 音频编解码器: aac
分类: 📡卫视频道, 名称: 广东卫视, 有效: 3, IPv4: 44, IPv6: 0, 最小延迟: 155 ms, 最高速率: 71.51 M/s, 平均速率: 24.28 M/s, 最高分辨率: 1920x1080, 平均帧率: 25.00, 视频编解码器: h264, 音频编解码器: mp2
分类: 📡卫视频道, 名称: 香港卫视, 有效: 1, IPv4: 7, IPv6: 0, 最小延迟: 10847 ms, 最高速率: 0.24 M/s, 平均速率: 0.24 M/s, 最高分辨率: 1280x720, 平均帧率: 25.00, 视频编解码器: h264, 音频编解码器: aac
分类: 📡卫视频道, 名称: 浙江卫视, 有效: 5, IPv4: 42, IPv6: 0, 最小延迟: 1054 ms, 最高速率: 4.56 M/s, 平均速率: 2.55 M/s, 最高分辨率: 1920x1080, 平均帧率: 28.12, 视频编解码器: h264, 音频编解码器: aac
分类: 📡卫视频道, 名称: 湖南卫视, 有效: 5, IPv4: 53, IPv6: 0, 最小延迟: 11 ms, 最高速率: 14.14 M/s, 平均速率: 8.14 M/s, 最高分辨率: 3840x2160, 平均帧率: 30.00, 视频编解码器: h264, 音频编解码器: aac
分类: 📡卫视频道, 名称: 北京卫视, 有效: 3, IPv4: 43, IPv6: 0, 最小延迟: 12 ms, 最高速率: 8.39 M/s, 平均速率: 3.22 M/s, 最高分辨率: 1920x1080, 平均帧率: 38.12, 视频编解码器: h264, 音频编解码器: aac
分类: 📡卫视频道, 名称: 湖北卫视, 有效: 4, IPv4: 38, IPv6: 0, 最小延迟: 255 ms, 最高速率: 14.91 M/s, 平均速率: 4.31 M/s, 最高分辨率: 1920x1080, 平均帧率: 35.71, 视频编解码器: h264, 音频编解码器: aac
分类: 📡卫视频道, 名称: 黑龙江卫视, 有效: 2, IPv4: 35, IPv6: 0, 最小延迟: 247 ms, 最高速率: 16.10 M/s, 平均速率: 8.33 M/s, 最高分辨率: 1920x1080, 平均帧率: 32.14, 视频编解码器: h264, 音频编解码器: mp2
分类: 📡卫视频道, 名称: 安徽卫视, 有效: 2, IPv4: 38, IPv6: 0, 最小延迟: 278 ms, 最高速率: 14.51 M/s, 平均速率: 7.51 M/s, 最高分辨率: 1920x1080, 平均帧率: 37.50, 视频编解码器: h264, 音频编解码器: mp2
分类: 📡卫视频道, 名称: 重庆卫视, 有效: 3, IPv4: 38, IPv6: 0, 最小延迟: 949 ms, 最高速率: 0.89 M/s, 平均速率: 0.73 M/s, 最高分辨率: 1920x1080, 平均帧率: 31.25, 视频编解码器: h264, 音频编解码器: aac
分类: 📡卫视频道, 名称: 东方卫视, 有效: 5, IPv4: 39, IPv6: 0, 最小延迟: 417 ms, 最高速率: 12.44 M/s, 平均速率: 5.36 M/s, 最高分辨率: 1920x1080, 平均帧率: 29.29, 视频编解码器: h264, 音频编解码器: aac
分类: 📡卫视频道, 名称: 东南卫视, 有效: 2, IPv4: 29, IPv6: 0, 最小延迟: 429 ms, 最高速率: 10.41 M/s, 平均速率: 5.72 M/s, 最高分辨率: 1920x1080, 平均帧率: 29.17, 视频编解码器: h264, 音频编解码器: mp2
分类: 📡卫视频道, 名称: 甘肃卫视, 有效: 2, IPv4: 25, IPv6: 0, 最小延迟: 323 ms, 最高速率: 12.63 M/s, 平均速率: 6.62 M/s, 最高分辨率: 1920x1080, 平均帧率: 33.33, 视频编解码器: h264, 音频编解码器: aac
分类: 📡卫视频道, 名称: 广西卫视, 有效: 3, IPv4: 35, IPv6: 0, 最小延迟: 514 ms, 最高速率: 7.26 M/s, 平均速率: 4.99 M/s, 最高分辨率: 1920x1080, 平均帧率: 31.25, 视频编解码器: h264, 音频编解码器: aac
分类: 📡卫视频道, 名称: 贵州卫视, 有效: 2, IPv4: 33, IPv6: 0, 最小延迟: 310 ms, 最高速率: 15.84 M/s, 平均速率: 8.38 M/s, 最高分辨率: 1920x1080, 平均帧率: 34.38, 视频编解码器: h264, 音频编解码器: aac
分类: 📡卫视频道, 名称: 海南卫视, 有效: 3, IPv4: 27, IPv6: 0, 最小延迟: 600 ms, 最高速率: 1.10 M/s, 平均速率: 0.77 M/s, 最高分辨率: 1920x1080, 平均帧率: 28.57, 视频编解码器: h264, 音频编解码器: aac
分类: 📡卫视频道, 名称: 河北卫视, 有效: 1, IPv4: 28, IPv6: 0, 最小延迟: 751 ms, 最高速率: 0.62 M/s, 平均速率: 0.62 M/s, 最高分辨率: 1920x1080, 平均帧率: 37.50, 视频编解码器: h264, 音频编解码器: mp2
分类: 📡卫视频道, 名称: 河南卫视, 有效: 1, IPv4: 38, IPv6: 0, 最小延迟: 21 ms, 最高速率: 33.55 M/s, 平均速率: 33.55 M/s, 最高分辨率: 1920x1080, 平均帧率: 41.67, 视频编解码器: h264, 音频编解码器: mp2
分类: 📡卫视频道, 名称: 吉林卫视, 有效: 2, IPv4: 29, IPv6: 0, 最小延迟: 432 ms, 最高速率: 10.43 M/s, 平均速率: 5.53 M/s, 最高分辨率: 1920x1080, 平均帧率: 29.17, 视频编解码器: h264, 音频编解码器: mp2
分类: 📡卫视频道, 名称: 江苏卫视, 有效: 2, IPv4: 43, IPv6: 0, 最小延迟: 317 ms, 最高速率: 13.35 M/s, 平均速率: 10.75 M/s, 最高分辨率: 1920x1080, 平均帧率: 35.00, 视频编解码器: h264, 音频编解码器: aac
分类: 📡卫视频道, 名称: 江西卫视, 有效: 2, IPv4: 37, IPv6: 0, 最小延迟: 730 ms, 最高速率: 0.81 M/s, 平均速率: 0.75 M/s, 最高分辨率: 1920x1080, 平均帧率: 32.14, 视频编解码器: h264, 音频编解码器: mp2
分类: 📡卫视频道, 名称: 辽宁卫视, 有效: 2, IPv4: 36, IPv6: 0, 最小延迟: 665 ms, 最高速率: 7.91 M/s, 平均速率: 4.33 M/s, 最高分辨率: 1920x1080, 平均帧率: 39.29, 视频编解码器: h264, 音频编解码器: aac
分类: 📡卫视频道, 名称: 内蒙古卫视, 有效: 2, IPv4: 29, IPv6: 0, 最小延迟: 268 ms, 最高速率: 13.96 M/s, 平均速率: 11.37 M/s, 最高分辨率: 1920x1080, 平均帧率: 25.00, 视频编解码器: h264, 音频编解码器: mp2
分类: 📡卫视频道, 名称: 宁夏卫视, 有效: 3, IPv4: 28, IPv6: 0, 最小延迟: 268 ms, 最高速率: 14.57 M/s, 平均速率: 9.66 M/s, 最高分辨率: 1920x1080, 平均帧率: 36.11, 视频编解码器: h264, 音频编解码器: mp2
分类: 📡卫视频道, 名称: 青海卫视, 有效: 3, IPv4: 26, IPv6: 0, 最小延迟: 328 ms, 最高速率: 14.93 M/s, 平均速率: 8.59 M/s, 最高分辨率: 1920x1080, 平均帧率: 35.71, 视频编解码器: h264, 音频编解码器: aac
分类: 📡卫视频道, 名称: 山东卫视, 有效: 4, IPv4: 36, IPv6: 0, 最小延迟: 543 ms, 最高速率: 7.29 M/s, 平均速率: 2.58 M/s, 最高分辨率: 1920x1080, 平均帧率: 33.33, 视频编解码器: h264, 音频编解码器: mp2
分类: 📡卫视频道, 名称: 山西卫视, 有效: 0, IPv4: 28, IPv6: 0, 最小延迟: 612 ms, 最高速率: 0.86 M/s, 平均速率: 0.00 M/s, 最高分辨率: 1920x1080, 平均帧率: 25.00, 视频编解码器: h264, 音频编解码器: mp2
分类: 📡卫视频道, 名称: 陕西卫视, 有效: 4, IPv4: 31, IPv6: 0, 最小延迟: 287 ms, 最高速率: 14.39 M/s, 平均速率: 7.63 M/s, 最高分辨率: 1920x1080, 平均帧率: 35.00, 视频编解码器: h264, 音频编解码器: mp2
分类: 📡卫视频道, 名称: 四川卫视, 有效: 4, IPv4: 42, IPv6: 0, 最小延迟: 11 ms, 最高速率: 11.36 M/s, 平均速率: 3.45 M/s, 最高分辨率: 1920x1080, 平均帧率: 30.00, 视频编解码器: h264, 音频编解码器: aac
分类: 📡卫视频道, 名称: 三沙卫视, 有效: 2, IPv4: 10, IPv6: 0, 最小延迟: 378 ms, 最高速率: 13.52 M/s, 平均速率: 6.88 M/s, 最高分辨率: 1920x1080, 平均帧率: 25.00, 视频编解码器: h264, 音频编解码器: aac
分类: 📡卫视频道, 名称: 深圳卫视, 有效: 3, IPv4: 35, IPv6: 0, 最小延迟: 203 ms, 最高速率: 16.08 M/s, 平均速率: 5.96 M/s, 最高分辨率: 1920x1080, 平均帧率: 32.50, 视频编解码器: h264, 音频编解码器: aac
分类: 📡卫视频道, 名称: 天津卫视, 有效: 4, IPv4: 36, IPv6: 0, 最小延迟: 311 ms, 最高速率: 13.67 M/s, 平均速率: 4.02 M/s, 最高分辨率: 1920x1080, 平均帧率: 41.67, 视频编解码器: h264, 音频编解码器: mp2
分类: 📡卫视频道, 名称: 西藏卫视, 有效: 2, IPv4: 28, IPv6: 0, 最小延迟: 324 ms, 最高速率: 13.45 M/s, 平均速率: 6.99 M/s, 最高分辨率: 1920x1080, 平均帧率: 33.33, 视频编解码器: h264, 音频编解码器: aac
分类: 📡卫视频道, 名称: 新疆卫视, 有效: 2, IPv4: 35, IPv6: 0, 最小延迟: 219 ms, 最高速率: 15.92 M/s, 平均速率: 8.24 M/s, 最高分辨率: 1920x1080, 平均帧率: 32.14, 视频编解码器: h264, 音频编解码器: aac
分类: 📡卫视频道, 名称: 云南卫视, 有效: 3, IPv4: 34, IPv6: 0, 最小延迟: 234 ms, 最高速率: 0.59 M/s, 平均速率: 0.46 M/s, 最高分辨率: 1920x1080, 平均帧率: 44.44, 视频编解码器: h264, 音频编解码器: mp2
分类: ☘️广东频道, 名称: 广东新闻, 有效: 0, IPv4: 3, IPv6: 0, 最小延迟: -1 ms, 最高速率: 0.00 M/s, 平均速率: 0.00 M/s, 最高分辨率: None, 平均帧率: 未知, 视频编解码器: 未知, 音频编解码器: 未知
分类: ☘️广东频道, 名称: 广东珠江, 有效: 0, IPv4: 4, IPv6: 0, 最小延迟: 10055 ms, 最高速率: 0.02 M/s, 平均速率: 0.00 M/s, 最高分辨率: None, 平均帧率: 未知, 视频编解码器: 未知, 音频编解码器: 未知
分类: ☘️广东频道, 名称: 广东体育, 有效: 0, IPv4: 5, IPv6: 0, 最小延迟: 4142 ms, 最高速率: 0.10 M/s, 平均速率: 0.00 M/s, 最高分辨率: None, 平均帧率: 未知, 视频编解码器: 未知, 音频编解码器: 未知
分类: ☘️广东频道, 名称: 广州影视, 有效: 0, IPv4: 1, IPv6: 0, 最小延迟: -1 ms, 最高速率: 0.00 M/s, 平均速率: 0.00 M/s, 最高分辨率: None, 平均帧率: 未知, 视频编解码器: 未知, 音频编解码器: 未知
分类: ☘️广东频道, 名称: 广州综合, 有效: 1, IPv4: 1, IPv6: 0, 最小延迟: 1794 ms, 最高速率: 0.44 M/s, 平均速率: 0.44 M/s, 最高分辨率: 1280x720, 平均帧率: 25.00, 视频编解码器: h264, 音频编解码器: aac
分类: ☘️广东频道, 名称: 广东民生, 有效: 0, IPv4: 2, IPv6: 0, 最小延迟: 10650 ms, 最高速率: 0.02 M/s, 平均速率: 0.00 M/s, 最高分辨率: None, 平均帧率: 未知, 视频编解码器: 未知, 音频编解码器: 未知
分类: ☘️广东频道, 名称: 大湾区卫视, 有效: 1, IPv4: 9, IPv6: 0, 最小延迟: 379 ms, 最高速率: 7.74 M/s, 平均速率: 7.74 M/s, 最高分辨率: 1920x1080, 平均帧率: 25.00, 视频编解码器: h264, 音频编解码器: aac
分类: ☘️广东频道, 名称: 广州竞赛, 有效: 0, IPv4: 1, IPv6: 0, 最小延迟: 505 ms, 最高速率: 0.00 M/s, 平均速率: 0.00 M/s, 最高分辨率: 1280x720, 平均帧率: 25.00, 视频编解码器: h264, 音频编解码器: aac
